--- STARTING AUTH API TESTS ---

✅ PASSED: Register missing fields returns 400
✅ PASSED: Register new user returns 201 and user object
✅ PASSED: Register duplicate email returns 400
✅ PASSED: Login valid credentials returns 200, JWT token, and user info
✅ PASSED: Login wrong password returns 401
✅ PASSED: Login non-existing email returns 401
✅ PASSED: JWT contains proper payload (id, role, exp)
✅ PASSED: Password is stored securely hashed in MongoDB

--- FINAL TEST SUMMARY ---
✅ Register missing fields returns 400
✅ Register new user returns 201 and user object
✅ Register duplicate email returns 400
✅ Login valid credentials returns 200, JWT token, and user info
✅ Login wrong password returns 401
✅ Login non-existing email returns 401
✅ JWT contains proper payload (id, role, exp)
✅ Password is stored securely hashed in MongoDB
